// Jest Snapshot v1, https://goo.gl/fbAQLP

exports[`renders properly 1`] = `
<div>
  <Header />
  <AboutUs />
  <Feature />
  <Feature
    swap={true}
  />
  <Footer />
</div>
`;
